total 95392
 2876 'Texas Family - 1952 - 01 - Abigail Primping Adam.mp4'
12420 'Texas Family - 1952 - 02 - Abigail Standing on the Stairs.mp4'
 2684 'Texas Family - 1952 - 03 - Adam Plays with Cars on the Sidewalk.mp4'
 3876 'Texas Family - 1952 - 04 - Trudy Working at the Loom.mp4'
 6188 'Texas Family - 1952 - 05 - Archie in the Corn Fields.mp4'
28500 'Texas Family - 1952 - 06 - Tending to the Cows, Bessie Nursing.mp4'
22160 'Texas Family - 1952 - 07 - Giving Pigs Belly-Rubs.mp4'
16688 'Texas Family - 1952 - 08 - Checking on the Chickens and Hens.mp4'